// Vitest Snapshot v1, https://vitest.dev/guide/snapshot.html

exports[`generateOpenApi > should generate an OpenAPI spec 1`] = `
{
  "info": {
    "description": "A plugin that allows the user to save notes. For example, saving a summary of their ChatGPT conversation history.",
    "title": "Reflect Notes",
    "version": "1.0.0",
  },
  "openapi": "3.0.2",
  "paths": {
    "/notes": {
      "post": {
        "operationId": "post__notes')}",
        "requestBody": {
          "content": {
            "application/json": {
              "schema": {
                "properties": {
                  "text": {
                    "type": "string",
                  },
                },
                "required": [
                  "text",
                ],
                "type": "object",
              },
            },
          },
        },
        "responses": {
          "200": {
            "content": {
              "application/json": {
                "schema": {
                  "properties": {
                    "id": {
                      "type": "string",
                    },
                    "text": {
                      "type": "string",
                    },
                  },
                  "required": [
                    "id",
                    "text",
                  ],
                  "type": "object",
                },
              },
            },
            "description": "Successful Response",
          },
        },
        "summary": "Create a note",
      },
    },
  },
}
`;
